apiVersion: v1
kind: Namespace
metadata:
  name: benchmark-runner
---
apiVersion: v1
kind: PersistentVolumeClaim
metadata:
  name: vdbench-pod-pvc-claim
  namespace: benchmark-runner
spec:
  storageClassName: ocs-storagecluster-ceph-rbd
  accessModes: [ "ReadWriteOnce" ]
  volumeMode: Filesystem
  resources:
    requests:
      storage: 64Gi
---
apiVersion: v1
kind: Pod
metadata:
  name: vdbench-pod-deadbeef
  namespace: benchmark-runner
  labels:
    app: vdbench-deadbeef
    type: vdbench-pod-deadbeef
    benchmark-uuid: deadbeef-0123-3210-cdef-01234567890abcdef
    benchmark-runner-workload: vdbench
spec:
  selector:
    matchLabels:
      app: vdbench
  nodeSelector:
    kubernetes.io/hostname: pin-node-1
  resources:
    requests:
      cpu: 2
      memory: 4Gi
    limits:
      cpu: 2
      memory: 4Gi
  containers:
    - name: vdbench-pod
      namespace: benchmark-runner
      image: quay.io/ebattat/centos-stream8-vdbench5.04.07-pod:latest
      imagePullPolicy: "IfNotPresent"
      volumeMounts:
        - name: vdbench-pod-pvc-claim
          mountPath: "/workload"
      env:
        - name: BLOCK_SIZES
          value: "oltp1,oltp2,oltphw,odss2,odss128,4_cache,64_cache,4,64,4_cache,64_cache,4,64"
        - name: IO_OPERATION
          value: "oltp1,oltp2,oltphw,odss2,odss128,read,read,read,read,write,write,write,write"
        - name: IO_THREADS
          value: "1,1,1,1,1,4,4,2,2,4,4,2,2"
        - name: FILES_IO #How file IO will be done
          value: "oltp1,oltp2,oltphw,odss2,odss128,random,random,random,random,random,random,random,random"
        - name: IO_RATE # an integer or "max"
          value: "max,max,max,max,max,max,max,max,max,max,max,max,max"
        - name: MIX_PRECENTAGE # used for mixed workload 0-100
          value:
        #global settings
        - name: DURATION
          value: "600"
        - name: PAUSE #pause after every test in sec
          value: "20"
        - name: WARMUP # warmup before any test in sec
          value: "20"
        - name: FILES_SELECTION #This parameter allows you to select directories and files for processing either sequential/random
          value: "random"
        - name: COMPRESSION_RATIO #ratio is 1:X e.g 2 = 50% compressible
          value: "2"
        - name: RUN_FILLUP #will it run a fillup before testing starts yes/no
          value: "yes"
        #data set settings
        - name: DIRECTORIES #how many directories to create
          value: "600"
        - name: FILES_PER_DIRECTORY
          value: "10"
        - name: SIZE_PER_FILE # size in MB
          value: "10"
      command: ["/bin/bash"]
      args: ["-c", "/vdbench/vdbench_runner.sh"]
  restartPolicy: "Never"
  spec:
    pvc:
      accessModes:
        - ReadWriteOnce
      resources:
        requests:
          storage: 64Gi
          Reclaim Policy: Delete
      storageClassName: ocs-storagecluster-ceph-rbd
    source:
      blank: {}
  volumes:
    - name: vdbench-pod-pvc-claim
      namespace: benchmark-runner
      persistentVolumeClaim:
        claimName: vdbench-pod-pvc-claim

