apiVersion: ripsaw.cloudbulldozer.io/v1alpha1
kind: Benchmark
metadata:
  name: hammerdb-kata
  namespace: benchmark-operator
spec:
  system_metrics:
    collection: True
    prom_url: "https://prometheus-k8s.openshift-monitoring.svc.cluster.local:9091"
    es_url: "http://elasticsearch.example.com:gol9999"
    prom_token: "fake_prom_token"
    metrics_profile: "node-metrics.yml"
    index_name: system-metrics
  elasticsearch:
    url: "http://elasticsearch.example.com:gol9999"
    index_name: hammerdb
  metadata:
    collection: false
  workload:
    name: hammerdb
    args:
      runtime_class: kata
      pin: True # enable for nodeSelector
      pin_node: "pin-node-1"
      resources: True # enable for resources requests/limits
      requests_cpu: 10m
      requests_memory: 10Mi
      limits_cpu: 16
      limits_memory: 16Gi
      db_type: "mssql"
      timed_test: true
      test_type: "tpc-c"
      db_init: true
      db_benchmark: true
      db_server: mssql-deployment.mssql-db
      db_port: "1433"
      db_warehouses: 96
      db_num_workers: 32
      db_user: "SA"
      db_pass: "s3curePasswordString"
      db_name: "tpcc"
      transactions: 100000
      raiseerror: "false"
      keyandthink: "false"
      driver: "timed"
      rampup: 1
      runtime: 1
      allwarehouse: false
      timeprofile: false
      async_scale: false
      async_client: 10
      async_verbose: false
      async_delay: 1000
      samples: 1
      # database specific variables
      # mssql:
      db_mssql_tcp: "true"
      db_mssql_azure: "false"
      db_mssql_authentication: "windows"
      db_mssql_linux_authent: "sql"
      db_mssql_odbc_driver: "ODBC Driver 13 for SQL Server"
      db_mssql_linux_odbc: "ODBC Driver 17 for SQL Server"
      db_mssql_imdb: "false"
      db_mssql_bucket: 1
      db_mssql_durability: "SCHEMA_AND_DATA"
      db_mssql_checkpoint: "false"
      # mysql:
      db_mysql_storage_engine: "innodb"
      db_mysql_partition: "false"
      db_mysql_socket: "/var/lib/mysql/mysql.sock"
      # postgresql
      db_postgresql_superuser: "postgres"
      db_postgresql_superuser_pass: "postgres"
      db_postgresql_defaultdbase: "tpcc"
      db_postgresql_vacuum: "false"
      db_postgresql_dritasnap: "false"
      db_postgresql_oracompat: "false"
      db_postgresql_storedprocs: "false"