apiVersion: ripsaw.cloudbulldozer.io/v1alpha1
kind: Benchmark
metadata:
  name: stressng-vm
  namespace: benchmark-operator
spec:
  system_metrics:
    collection: True
    prom_url: "https://prometheus-k8s.openshift-monitoring.svc.cluster.local:9091"
    es_url: "http://elasticsearch.example.com:gol9999"
    prom_token: "fake_prom_token"
    metrics_profile: "node-metrics.yml"
    index_name: system-metrics-test-ci
  elasticsearch:
    url: "http://elasticsearch.example.com:gol9999"
    index_name: stressng-test-ci
  metadata:
    collection: false
  workload:
    name: stressng
    args:
      pin: True # enable for nodeSelector
      pin_node: "pin-node-1"
      # general options
      runtype: "sequential"
      timeout: "30"
      instances: 1
      # cpu stressor options
      cpu_stressors: "1"
      cpu_percentage: "100"
      # vm stressor option
      vm_stressors: "1"
      vm_bytes: "128M"
      # mem stressor options
      mem_stressors: "1"
      kind: vm
      client_vm:
        dedicatedcpuplacement: false
        sockets: 4
        cores: 1
        threads: 1
        image: quay.io/kubevirt/fedora-container-disk-images:34
        limits:
          memory: 16Gi
        requests:
          memory: 10Mi
        network:
          front_end: masquerade
          multiqueue:
            enabled: false # if set to true, highly recommend to set selinux to permissive on the nodes where the vms would be scheduled
            queues: 0 # must be given if enabled is set to true and ideally should be set to vcpus ideally so sockets*threads*cores, your image must've ethtool installed
        extra_options:
          - none
          #- hostpassthrough
