
apiVersion: v1
kind: Namespace
metadata:
  name: benchmark-runner
---
---
apiVersion: v1
kind: Pod
metadata:
  name: vdbench-kata-deadbeef
  namespace: benchmark-runner
  annotations:
    io.katacontainers.config.hypervisor.virtio_fs_extra_args: '["-o","allow_direct_io","--thread-pool-size=16"]'
  labels:
    app: vdbench-deadbeef
    type: vdbench-kata-deadbeef
    benchmark-uuid: deadbeef-0123-3210-cdef-01234567890abcdef
    benchmark-runner-workload: vdbench
spec:
  securityContext:
    allowPrivilegeEscalation: false
    capabilities:
      drop:
        - ALL
    runAsNonRoot: true
    seccompProfile:
      type: RuntimeDefault
  selector:
    matchLabels:
      app: vdbench
  nodeSelector:
    kubernetes.io/hostname: pin-node-1
  runtimeClassName: kata
  containers:
    - name: vdbench-pod
      image: quay.io/ebattat/centos-stream8-vdbench5.04.07-pod:v1.0.13
      imagePullPolicy: "IfNotPresent"
      resources:
        requests:
          cpu: 2
          memory: 4Gi
        limits:
          cpu: 2
          # Remove memory limit for Kata pods due to
          # https://github.com/kata-containers/kata-containers/issues/6129
      env:
        - name: BLOCK_SIZES
          value: "oltp1,oltp2,oltphw,odss2,odss128,4_cache,64_cache,4,64,4_cache,64_cache,4,64"
        - name: IO_OPERATION
          value: "oltp1,oltp2,oltphw,odss2,odss128,read,read,read,read,write,write,write,write"
        - name: IO_THREADS
          value: "8,8,8,8,16,32,4,16,4,32,4,16,4"
        - name: FILES_IO #How file IO will be done
          value: "oltp1,oltp2,oltphw,odss2,odss128,random,random,random,random,random,random,random,random"
        - name: IO_RATE # an integer or "max"
          value: "max,max,max,max,max,max,max,max,max,max,max,max,max"
        - name: MIX_PRECENTAGE # used for mixed workload 0-100
          value:
        #global settings
        - name: DURATION
          value: "360"
        - name: PAUSE #pause after every test in sec
          value: "20"
        - name: WARMUP # warmup before any test in sec
          value: "20"
        - name: FILES_SELECTION #This parameter allows you to select directories and files for processing either sequential/random
          value: "random"
        - name: COMPRESSION_RATIO #ratio is 1:X e.g 2 = 50% compressible
          value: "2"
        - name: RUN_FILLUP # will it run a fillup before testing starts yes/no
          value: "yes"
        - name: LOGS_DIR # logs directory
          value: "/workload/"
        #data set settings
        - name: DIRECTORIES #how many directories to create
          value: "600"
        - name: FILES_PER_DIRECTORY
          value: "10"
        - name: SIZE_PER_FILE # size in MB
          value: "10"
        #state-signals
        - name: REDIS_HOST
          value: ""
        - name: WORKLOAD_METHOD
          value: "/vdbench/vdbench_runner.sh"
        - name: TIMEOUT
          value: "3600"
      command: ["/bin/bash"]
      args: ["-c", "$WORKLOAD_METHOD"]
  restartPolicy: "Never"
  spec:
    pvc:
      accessModes:
        - ReadWriteOnce
      resources:
        requests:
          storage: 64Gi
          Reclaim Policy: Delete
      storageClassName: ocs-storagecluster-ceph-rbd
    source:
      blank: {}
