apiVersion: cdi.kubevirt.io/v1beta1
kind: DataVolume
metadata:
  annotations:
    cdi.kubevirt.io/storage.deleteAfterCompletion: "false"
  name: windows-clone-dv
  namespace: benchmark-runner
spec:
  source:
      http:
         url: None
  pvc:
    accessModes:
      - ReadWriteMany
    resources:
      requests:
        storage: 70Gi
    volumeMode: Block
    storageClassName: ocs-storagecluster-ceph-rbd-virtualization
